
[2massert_err_matches_regex![0m([31mResult<T, E>[0m, [32mregex[0m);

Expected `[31mResult<T, E>[0m` to be an `[31mErr(std::fmt::Debug)[0m` that matches [32m\d{3}-\d{5}[0m:
[31m123 error message[0m

