
[2massert_matches_regex![0m([31mstring[0m, [32mregex[0m);

Expected string:
  [31m123-234[0m
to match regex:
  `[32m\d{3}-\d{5}[0m`